12-09 13:39:24.104  1657  2152 I LmManager: LmManager$1.onSuccess():82 Bundled delight sync success
12-09 13:39:24.106  1657  8031 I SuperDelight: SuperDelightManager$2.onSuccess():631 bundled_delight sync success, adding to data file manager
12-09 13:39:24.107  1657  8031 I DataFileManager: DataFileManager.addDataWithoutNotify():181 data en-US already exists
12-09 13:39:24.206  1657  2252 I CrankEngineLocales: CrankEngineLocales.getLocaleToUseForCrankEngine():66 Using locale en_US for emoji prediction
12-09 13:39:24.226  1657  1657 I VoiceImeExtension: VoiceImeExtension.shouldStartVoiceInputAutomaticallyInCurrentInputBox():412 No private IME option set to start voice input.
12-09 13:39:24.251  1657  1657 I StylusModule: StylusModule.onUpdateToolType():813 Update tool type = 2
12-09 13:39:24.254  1657  1657 I Choreographer: Skipped 242 frames!  The application may be doing too much work on its main thread.
12-09 13:39:24.256  1657  2251 I Delight5Decoder: Delight5DecoderWrapper.loadLanguageModel():755 Loaded main LM 1.en
12-09 13:39:24.257  1657  2251 I Delight5Decoder: Delight5DecoderWrapper.loadLanguageModel():733 loadLanguageModel() : 7, version [n/a]
12-09 13:39:24.258  1657  2251 I native  : I0000 00:00:1733773164.258058    2251 blocklist-assembly.cc:126] LoadBlocklist en
12-09 13:39:24.259  1657  2251 I Delight5Decoder: Delight5DecoderWrapper.loadLanguageModel():774 Loaded dynamic LM 7.en
12-09 13:39:24.259  1657  2251 I Delight5Decoder: Delight5DecoderWrapper.loadLanguageModel():733 loadLanguageModel() : 4, version [n/a]
12-09 13:39:24.268   692  1901 I ImeTracker: com.example.cydrop_frontend:9d6426a: onCancelled at PHASE_WM_SHOW_IME_RUNNER
12-09 13:39:24.274  1657  2251 I Delight5Decoder: Delight5DecoderWrapper.loadLanguageModel():774 Loaded dynamic LM 4.en
12-09 13:39:24.283  1657  2251 I Delight5Decoder: Delight5DecoderWrapper.loadLanguageModel():733 loadLanguageModel() : 3, version [n/a]
12-09 13:39:24.297  6704  6704 D BoundBrokerSvc: onBind: Intent { act=com.google.firebase.dynamiclinks.service.START pkg=com.google.android.gms }
12-09 13:39:24.298  6704  6704 D BoundBrokerSvc: Loading bound service for intent: Intent { act=com.google.firebase.dynamiclinks.service.START pkg=com.google.android.gms }
12-09 13:39:24.308  1657  2251 I Delight5Decoder: Delight5DecoderWrapper.loadLanguageModel():774 Loaded dynamic LM 3.en
12-09 13:39:24.319  1657  1657 I WindowMetricsNotification: WindowMetricsNotification.notifyWithWindow():162
12-09 13:39:24.322  1657  1657 I WindowMetricsNotification: WindowMetricsNotification.notify():155 WindowMetricsNotification{bounds=Rect(0, 63 - 1080, 2400), insets=Rect(0, 0 - 0, 63), densityDpi=420, smallestScreenWidthDp=411, displayWidth=1080, displayHeight=2400, xdpi=420.0, ydpi=420.0, isTrustable=true}; DisplayMetrics{density=2.625, width=1080, height=2400, scaledDensity=2.625, xdpi=420.0, ydpi=420.0}
12-09 13:39:24.505  1657  2251 I Delight5Decoder: Delight5DecoderWrapper.loadLanguageModel():733 loadLanguageModel() : 29, version [n/a]
12-09 13:39:24.506  1657  2251 W Delight5Decoder: Delight5DecoderWrapper.getTimerTypeForLoadLanguageModule():881 Cannot find timer type for loading language model 29
12-09 13:39:24.518  1657  2251 I Delight5Decoder: Delight5DecoderWrapper.loadLanguageModel():774 Loaded dynamic LM 29.en
12-09 13:39:24.606  1657  2251 I Delight5Decoder: Delight5DecoderWrapper.setKeyboardLayout():514 setKeyboardLayout()
12-09 13:39:24.701  7990  7990 D InsetsController: show(ime(), fromIme=true)
12-09 13:39:24.720  1657  2820 I HWUI    : Davey! duration=4408ms; Flags=1, FrameTimelineVsyncId=50104, IntendedVsync=2234206446734, Vsync=2238239779906, InputEventId=0, HandleInputStart=2238262153600, AnimationStart=2238262377900, PerformTraversalsStart=2238262812800, DrawStart=2238421562900, FrameDeadline=2234223113400, FrameInterval=2238254584600, FrameStartTime=16666666, SyncQueued=2238498075700, SyncStart=2238591331400, IssueDrawCommandsStart=2238594287600, SwapBuffers=2238653051000, FrameCompleted=2238708480900, DequeueBufferDuration=48000, QueueBufferDuration=519100, GpuCompleted=2238708480900, SwapBuffersCompleted=2238694977400, DisplayPresentTime=0, CommandSubmissionCompleted=2238653051000,
12-09 13:39:24.740  1657  1657 I GoogleInputMethodService: GoogleInputMethodService.onFinishInputView():2383
12-09 13:39:24.745  1657  1657 I VoiceInputManagerWrapper: VoiceInputManagerWrapper.shutdown():122 shutdown()
12-09 13:39:24.749  1657  1657 W ExtensionWrapper: ExtensionWrapper.setAllowUpdateNavigationBarStyle():803 class hwy is not activate
12-09 13:39:24.749  7990  7990 D IdlingRegistry: Unregistering idling resources: [androidx.test.espresso.action.CloseKeyboardAction$CloseKeyboardIdlingResult@dc83aee]
12-09 13:39:24.749  7990  7990 W CloseKeyboardAction: Caught timeout exception. Retrying.
12-09 13:39:24.749  7990  7990 D IdlingRegistry: Registering idling resources: [androidx.test.espresso.action.CloseKeyboardAction$CloseKeyboardIdlingResult@e8235d9]
12-09 13:39:24.753  7990  7990 I ImeTracker: com.example.cydrop_frontend:f9dc93ed: onRequestHide at ORIGIN_CLIENT reason HIDE_SOFT_INPUT fromUser false
12-09 13:39:24.762  7990  8037 W InteractionJankMonitor: Initializing without READ_DEVICE_CONFIG permission. enabled=false, interval=1, missedFrameThreshold=3, frameTimeThreshold=64, package=com.example.cydrop_frontend
12-09 13:39:24.764  1657  1657 W ExtensionWrapper: ExtensionWrapper.setAllowUpdateNavigationBarStyle():803 class hwy is not activate
12-09 13:39:24.767  1657  1657 W TooltipLifecycleManager: TooltipLifecycleManager.dismissTooltips():153 Tooltip with id spell_check_add_to_dictionary not found in tooltipManager.
12-09 13:39:24.774  1657  1657 I InputBundle: InputBundle.consumeEvent():908 Skip consuming an event as keyboard status is 0
12-09 13:39:24.796  1657  1657 I AndroidIME: AbstractIme.onDeactivate():203 LatinIme.onDeactivate()
12-09 13:39:24.808  1657  1657 I GoogleInputMethodService: GoogleInputMethodService$1.onKeyboardViewShown():468 onKeyboardViewShown: keyboardType=accessory, keyboardViewType=HEADER keyboardView=null
12-09 13:39:24.810  1657  1657 I GoogleInputMethodService: GoogleInputMethodService$1.onKeyboardViewShown():468 onKeyboardViewShown: keyboardType=accessory, keyboardViewType=BODY keyboardView=null
12-09 13:39:24.816  1657  1657 I WindowMetricsNotification: WindowMetricsNotification.notifyWithWindow():162
12-09 13:39:24.817  1657  1657 I WindowMetricsNotification: WindowMetricsNotification.notify():155 WindowMetricsNotification{bounds=Rect(0, 63 - 1080, 2400), insets=Rect(0, 0 - 0, 63), densityDpi=420, smallestScreenWidthDp=411, displayWidth=1080, displayHeight=2400, xdpi=420.0, ydpi=420.0, isTrustable=true}; DisplayMetrics{density=2.625, width=1080, height=2400, scaledDensity=2.625, xdpi=420.0, ydpi=420.0}
12-09 13:39:24.820  7990  7990 D InsetsController: hide(ime(), fromIme=true)
12-09 13:39:24.830  7990  7990 I ImeTracker: com.google.android.inputmethod.latin:656c60fb: onCancelled at PHASE_CLIENT_ANIMATION_CANCEL
12-09 13:39:24.851  1657  1657 I WindowMetricsNotification: WindowMetricsNotification.notifyWithWindow():162
12-09 13:39:24.852  1657  1657 I WindowMetricsNotification: WindowMetricsNotification.notify():155 WindowMetricsNotification{bounds=Rect(0, 63 - 1080, 2400), insets=Rect(0, 0 - 0, 63), densityDpi=420, smallestScreenWidthDp=411, displayWidth=1080, displayHeight=2400, xdpi=420.0, ydpi=420.0, isTrustable=true}; DisplayMetrics{density=2.625, width=1080, height=2400, scaledDensity=2.625, xdpi=420.0, ydpi=420.0}
12-09 13:39:24.854  1657  1657 I WindowMetricsNotification: WindowMetricsNotification.notifyWithWindow():162
12-09 13:39:24.855  1657  1657 I WindowMetricsNotification: WindowMetricsNotification.notify():155 WindowMetricsNotification{bounds=Rect(0, 63 - 1080, 2400), insets=Rect(0, 0 - 0, 63), densityDpi=420, smallestScreenWidthDp=411, displayWidth=1080, displayHeight=2400, xdpi=420.0, ydpi=420.0, isTrustable=true}; DisplayMetrics{density=2.625, width=1080, height=2400, scaledDensity=2.625, xdpi=420.0, ydpi=420.0}
12-09 13:39:24.864  1657  1657 I Choreographer: Skipped 35 frames!  The application may be doing too much work on its main thread.
12-09 13:39:24.888  1657  1657 W AndroidSpellCheckerService: AndroidSpellCheckerService.initialize():73 initialize...
12-09 13:39:24.889  1657  1657 I ShortcutsDataManager: ShortcutsDataManager.onContentChanged():72 onContentChanged()
12-09 13:39:24.891  1657  1657 I ContactsDataManager: ContactsDataManager.onContentChanged():153 onContentChanged()
12-09 13:39:24.894  1657  1657 W AndroidSpellCheckerService: AndroidSpellCheckerService.initialize():83 initialize...done
12-09 13:39:24.922  1657  1672 I AndroidSpellCheckerService: AndroidSpellCheckerService.createSession():139 com.google.android.keyboard.client.delight5.LanguageIdentifier@31b080f is created
12-09 13:39:24.936  7990  7990 D InsetsController: hide(ime(), fromIme=true)
12-09 13:39:24.937  7990  7990 I ImeTracker: com.example.cydrop_frontend:f9dc93ed: onCancelled at PHASE_CLIENT_APPLY_ANIMATION
12-09 13:39:24.940  7990  8005 D EGL_emulation: app_time_stats: avg=452.19ms min=375.72ms max=498.94ms count=3
12-09 13:39:25.084  7990  7990 I ImeTracker: com.example.cydrop_frontend:1d104114: onRequestHide at ORIGIN_CLIENT reason HIDE_SOFT_INPUT_ON_ANIMATION_STATE_CHANGED fromUser false
12-09 13:39:25.088   692   889 I ImeTracker: com.example.cydrop_frontend:1d104114: onCancelled at PHASE_SERVER_SHOULD_HIDE
12-09 13:39:25.103  7990  7990 I ImeTracker: com.example.cydrop_frontend:c0ec709c: onHidden
12-09 13:39:25.117  7990  7990 I IdlingResourceRegistry: Ignoring message from unregistered resource: androidx.test.espresso.action.CloseKeyboardAction$CloseKeyboardIdlingResult@dc83aee
12-09 13:39:25.119  1657  2251 W Delight5Decoder: Delight5DecoderWrapper.shouldAbandonMessage():2252 Detected old [FetchSuggestions] request in background: 61<62
12-09 13:39:25.210  7990  7990 D IdlingRegistry: Unregistering idling resources: [androidx.test.espresso.action.CloseKeyboardAction$CloseKeyboardIdlingResult@e8235d9]
12-09 13:39:25.217  7990  7990 I ViewInteraction: Checking 'MatchesViewAssertion{viewMatcher=an instance of android.widget.TextView and view.getText() with or without transformation to match: is "9"}' assertion on view view.getId() is <2131230974/com.example.cydrop_frontend:id/et_medication_name_prev>
12-09 13:39:25.237   692  1901 V GrammaticalInflectionUtils: AttributionSource: android.content.AttributionSource@98fe9e3d does not have READ_SYSTEM_GRAMMATICAL_GENDER permission.
12-09 13:39:25.279   692   739 V GrammaticalInflectionUtils: AttributionSource: android.content.AttributionSource@98fe9e3d does not have READ_SYSTEM_GRAMMATICAL_GENDER permission.
12-09 13:39:25.290   404   404 I BpBinder: onLastStrongRef automatically unlinking death recipients:
12-09 13:39:25.294  5798  5798 I TopTaskTracker: onTaskMovedToFront: (moved taskInfo to front) taskId=268, baseIntent=Intent { act=android.intent.action.MAIN cat=[android.intent.category.LAUNCHER] flg=0x10000000 cmp=com.example.cydrop_frontend.test/androidx.test.core.app.InstrumentationActivityInvoker$EmptyActivity }
12-09 13:39:25.301  7990  7990 D LifecycleMonitor: Lifecycle status change: com.example.cydrop_frontend.EditMedsActivity@cdd8af1 in: PAUSED
12-09 13:39:25.301  7990  7990 V ActivityScenario: Update currentActivityStage to PAUSED, currentActivity=com.example.cydrop_frontend.EditMedsActivity@cdd8af1
12-09 13:39:25.526   367   367 D Zygote  : Forked child process 8043
12-09 13:39:25.613  8043  8043 I p_frontend.test: Late-enabling -Xcheck:jni
12-09 13:39:25.705  7066  7114 W Bugle   : TextClassifierLibManagerImpl: Reclaiming memory at level: 40
12-09 13:39:25.748  8043  8043 I p_frontend.test: Using CollectorTypeCMC GC.
12-09 13:39:25.750  8043  8043 W p_frontend.test: Unexpected CPU variant for x86: x86_64.
12-09 13:39:25.750  8043  8043 W p_frontend.test: Known variants: atom, sandybridge, silvermont, goldmont, goldmont-plus, goldmont-without-sha-xsaves, tremont, kabylake, default
12-09 13:39:25.769   407   446 I adbd    : jdwp connection from 8043
12-09 13:39:25.808  8043  8043 D nativeloader: Load libframework-connectivity-tiramisu-jni.so using APEX ns com_android_tethering for caller /apex/com.android.tethering/javalib/framework-connectivity-t.jar: ok
12-09 13:39:25.869  8043  8043 D CompatChangeReporter: Compat change id reported: 242716250; UID 10204; state: ENABLED
12-09 13:39:25.923  8043  8043 D ApplicationLoaders: Returning zygote-cached class loader: /system/framework/android.test.base.jar
12-09 13:39:25.939  8043  8043 D nativeloader: Configuring clns-7 for other apk /system/framework/android.test.mock.jar. target_sdk_version=34, uses_libraries=ALL, library_path=/data/app/~~8kIjCpdnELKikUkUFODKMg==/com.example.cydrop_frontend.test-LZ90xwQiJgoO1xS0bliB-g==/lib/x86_64, permitted_path=/data:/mnt/expand:/data/user/0/com.example.cydrop_frontend.test
12-09 13:39:25.946  8043  8043 D ApplicationLoaders: Returning zygote-cached class loader: /system/framework/android.test.base.jar
12-09 13:39:25.953  8043  8043 D nativeloader: Configuring clns-8 for other apk /system/framework/android.test.runner.jar. target_sdk_version=34, uses_libraries=ALL, library_path=/data/app/~~8kIjCpdnELKikUkUFODKMg==/com.example.cydrop_frontend.test-LZ90xwQiJgoO1xS0bliB-g==/lib/x86_64, permitted_path=/data:/mnt/expand:/data/user/0/com.example.cydrop_frontend.test
12-09 13:39:25.954  8043  8043 W ziparchive: Unable to open '/data/app/~~8kIjCpdnELKikUkUFODKMg==/com.example.cydrop_frontend.test-LZ90xwQiJgoO1xS0bliB-g==/base.dm': No such file or directory
12-09 13:39:25.954  8043  8043 W ziparchive: Unable to open '/data/app/~~8kIjCpdnELKikUkUFODKMg==/com.example.cydrop_frontend.test-LZ90xwQiJgoO1xS0bliB-g==/base.dm': No such file or directory
12-09 13:39:26.379  7990  7990 D VRI[EditMedsActivity]: visibilityChanged oldVisibility=true newVisibility=false
12-09 13:39:26.641  1657  1667 I putmethod.latin: Background concurrent mark compact GC freed 10MB AllocSpace bytes, 46(2036KB) LOS objects, 49% free, 11MB/22MB, paused 30.967ms,35.042ms total 2.528s
12-09 13:39:26.642  1657  1667 W putmethod.latin: Reducing the number of considered missed Gc histogram windows from 138 to 100
12-09 13:39:26.785  8043  8043 D nativeloader: Configuring clns-9 for other apk /data/app/~~8kIjCpdnELKikUkUFODKMg==/com.example.cydrop_frontend.test-LZ90xwQiJgoO1xS0bliB-g==/base.apk. target_sdk_version=34, uses_libraries=, library_path=/data/app/~~8kIjCpdnELKikUkUFODKMg==/com.example.cydrop_frontend.test-LZ90xwQiJgoO1xS0bliB-g==/lib/x86_64, permitted_path=/data:/mnt/expand:/data/user/0/com.example.cydrop_frontend.test
12-09 13:39:26.820  8043  8043 V GraphicsEnvironment: Currently set values for:
12-09 13:39:26.820  8043  8043 V GraphicsEnvironment:   angle_gl_driver_selection_pkgs=[]
12-09 13:39:26.820  8043  8043 V GraphicsEnvironment:   angle_gl_driver_selection_values=[]
12-09 13:39:26.820  8043  8043 V GraphicsEnvironment: Global.Settings values are invalid: number of packages: 0, number of values: 0
12-09 13:39:26.820  8043  8043 V GraphicsEnvironment: Neither updatable production driver nor prerelease driver is supported.
12-09 13:39:27.048  8043  8043 W HWUI    : Unknown dataspace 0
12-09 13:39:27.071  7990  7990 D LifecycleMonitor: Lifecycle status change: com.example.cydrop_frontend.EditMedsActivity@cdd8af1 in: STOPPED
12-09 13:39:27.075  7990  7990 V ActivityScenario: Update currentActivityStage to STOPPED, currentActivity=com.example.cydrop_frontend.EditMedsActivity@cdd8af1
12-09 13:39:27.085  7990  7990 D LifecycleMonitor: Lifecycle status change: com.example.cydrop_frontend.EditMedsActivity@cdd8af1 in: DESTROYED
12-09 13:39:27.086  7990  7990 V ActivityScenario: Update currentActivityStage to DESTROYED, currentActivity=null
12-09 13:39:27.096  7990  8003 I TestRunner: finished: testA_InputOldMedicationName(com.example.cydrop_frontend.MadisonSystemTest)
