12-09 13:39:36.871  7990  8003 I TestRunner: started: testC_InputMedicationStock(com.example.cydrop_frontend.MadisonSystemTest)
12-09 13:39:36.894  1657  1657 I GoogleInputMethodService: GoogleInputMethodService.onFinishInput():3122
12-09 13:39:36.924  1657  1657 I GoogleInputMethodService: GoogleInputMethodService.updateDeviceLockedStatus():2193 repeatCheckTimes = 0, locked = false
12-09 13:39:36.924  1657  1657 I GoogleInputMethodService: GoogleInputMethodService.onStartInput():1937 onStartInput(EditorInfo{EditorInfo{packageName=com.google.android.apps.nexuslauncher, inputType=0, inputTypeString=NULL, enableLearning=false, autoCorrection=false, autoComplete=false, imeOptions=0, privateImeOptions=null, actionName=UNSPECIFIED, actionLabel=null, initialSelStart=-1, initialSelEnd=-1, initialCapsMode=0, label=null, fieldId=0, fieldName=null, extras=null, hintText=null, hintLocales=[]}}, false)
12-09 13:39:36.927  1657  1657 I GoogleInputMethodService: GoogleInputMethodService.updateDeviceLockedStatus():2193 repeatCheckTimes = 1, locked = false
12-09 13:39:36.928  1657  1657 I AndroidIME: InputBundleManager.loadActiveInputBundleId():450 loadActiveInputBundleId: und-Latn-x-password, password
12-09 13:39:36.967  5798  5798 I TopTaskTracker: onTaskRemoved: taskId=269
12-09 13:39:36.972  5798  5798 I TopTaskTracker: onTaskRemoved: taskId=269
12-09 13:39:36.981  7990  8003 W Settings: Setting always_finish_activities has moved from android.provider.Settings.System to android.provider.Settings.Global, returning read-only value.
12-09 13:39:37.035   692  1902 V GrammaticalInflectionUtils: AttributionSource: android.content.AttributionSource@922b3bc1 does not have READ_SYSTEM_GRAMMATICAL_GENDER permission.
12-09 13:39:37.108  5798  5798 W SplitSelectStateCtor: Missing session instanceIds
12-09 13:39:37.109  5798  5798 D StatsLog: LAUNCHER_SPLIT_SELECTION_EXIT_INTERRUPTED
12-09 13:39:37.143   692  1858 W AppSearchIcing: icing-search-engine.cc:321: Error: 5, Message: Document (com.google.android.googlequicksearchbox$OneSearchZeroStateGoogleSuggestions/default, zp) not found.
12-09 13:39:37.150  5798  5798 I TopTaskTracker: onTaskMovedToFront: (moved taskInfo to front) taskId=271, baseIntent=Intent { act=android.intent.action.MAIN cat=[android.intent.category.LAUNCHER] flg=0x10008000 cmp=com.example.cydrop_frontend/.EditMedsActivity }
12-09 13:39:37.169  1796  2110 I AiAiEcho: Predicting[0]:
12-09 13:39:37.170  1796  2110 I AiAiEcho: EchoTargets:
12-09 13:39:37.170  1796  2110 I AiAiEcho: Filtered by AiAi flag check:
12-09 13:39:37.182  8043  8043 D VRI[InstrumentationActivityInvoker$EmptyActivity]: visibilityChanged oldVisibility=true newVisibility=false
12-09 13:39:37.223  1796  2110 I AiAiEcho: Ranked targets strategy: SORT, count: 0, ranking metadata:
12-09 13:39:37.236  7990  7990 D LifecycleMonitor: Lifecycle status change: com.example.cydrop_frontend.EditMedsActivity@2802e7 in: PRE_ON_CREATE
12-09 13:39:37.237  7990  7990 V ActivityScenario: Activity lifecycle changed event received but ignored because the reported transition was not ON_CREATE while the last known transition was PRE_ON_CREATE
12-09 13:39:37.273  1796  2110 I AiAiEcho: #postPredictionTargets: Sending updates to UISurface home with targets# 0 (types=[])
12-09 13:39:37.319  5798  5850 D OneSearchSuggestProvider: AppSearch 0-state cache not available, fallback to AGA
12-09 13:39:37.319  5798  5850 D OneSearchSuggestProvider: java.util.concurrent.CompletionException: java.util.NoSuchElementException: No value present
12-09 13:39:37.319  5798  5850 D OneSearchSuggestProvider: 	at java.util.concurrent.CompletableFuture.encodeThrowable(CompletableFuture.java:308)
12-09 13:39:37.319  5798  5850 D OneSearchSuggestProvider: 	at java.util.concurrent.CompletableFuture.completeThrowable(CompletableFuture.java:323)
12-09 13:39:37.319  5798  5850 D OneSearchSuggestProvider: 	at java.util.concurrent.CompletableFuture$UniAccept.tryFire(CompletableFuture.java:684)
12-09 13:39:37.319  5798  5850 D OneSearchSuggestProvider: 	at java.util.concurrent.CompletableFuture.postComplete(CompletableFuture.java:486)
12-09 13:39:37.319  5798  5850 D OneSearchSuggestProvider: 	at java.util.concurrent.CompletableFuture.completeExceptionally(CompletableFuture.java:2138)
12-09 13:39:37.319  5798  5850 D OneSearchSuggestProvider: 	at com.google.android.apps.nexuslauncher.allapps.E0.onResult(go/retraceme 485d0a63b32755c2e0617651e62706492899977786a56dedfba7c7b896a2ddb7:67)
12-09 13:39:37.319  5798  5850 D OneSearchSuggestProvider: 	at android.app.appsearch.SearchSessionUtil$1.lambda$onResult$0(go/retraceme 64eee9e9f568ff45978879ad2ff83146f2618ee8a88278736fbdf5fae931976e:144)
12-09 13:39:37.319  5798  5850 D OneSearchSuggestProvider: 	at android.app.appsearch.SearchSessionUtil$1.$r8$lambda$CEk3q8sDAQVhU3rQwVueB8FAj_M(go/retraceme 64eee9e9f568ff45978879ad2ff83146f2618ee8a88278736fbdf5fae931976e:1)
12-09 13:39:37.319  5798  5850 D OneSearchSuggestProvider: 	at android.app.appsearch.SearchSessionUtil$1$$ExternalSyntheticLambda0.run(go/retraceme 64eee9e9f568ff45978879ad2ff83146f2618ee8a88278736fbdf5fae931976e:22)
12-09 13:39:37.319  5798  5850 D OneSearchSuggestProvider: 	at android.os.Handler.handleCallback(Handler.java:959)
12-09 13:39:37.319  5798  5850 D OneSearchSuggestProvider: 	at android.os.Handler.dispatchMessage(Handler.java:100)
12-09 13:39:37.319  5798  5850 D OneSearchSuggestProvider: 	at android.os.Looper.loopOnce(Looper.java:232)
12-09 13:39:37.319  5798  5850 D OneSearchSuggestProvider: 	at android.os.Looper.loop(Looper.java:317)
12-09 13:39:37.319  5798  5850 D OneSearchSuggestProvider: 	at android.os.HandlerThread.run(HandlerThread.java:85)
12-09 13:39:37.319  5798  5850 D OneSearchSuggestProvider: Caused by: java.util.NoSuchElementException: No value present
12-09 13:39:37.319  5798  5850 D OneSearchSuggestProvider: 	at java.util.Optional.get(Optional.java:143)
12-09 13:39:37.319  5798  5850 D OneSearchSuggestProvider: 	at com.google.android.apps.nexuslauncher.allapps.E0.onResult(go/retraceme 485d0a63b32755c2e0617651e62706492899977786a56dedfba7c7b896a2ddb7:28)
12-09 13:39:37.319  5798  5850 D OneSearchSuggestProvider: 	... 8 more
12-09 13:39:37.319  5798  5798 D SsBaseTemplateCard: No text view can be set up
12-09 13:39:37.319  5798  5798 D SsBaseTemplateCard: Passed-in item info is null
12-09 13:39:37.319  5798  5798 D SsBaseTemplateCard: Passed-in item info is null
12-09 13:39:37.319  5798  5798 D SsBaseTemplateCard: Passed-in item info is null
12-09 13:39:37.319  5798  5798 I SsBaseTemplateCard: Secondary card pane is null
12-09 13:39:37.351  5798  5850 D OneSearchSuggestProvider: Created the binder channel successfully for end point service =com.google.android.apps.search.googleapp.search.suggest.plugins.onesearch.server.OneSearchSuggestService , mChannel=i1{delegate=f{logId=17, target=directaddress:///AndroidComponentAddress%5BIntent%20%7B%20act=grpc.io.action.BIND%20cmp=com.google.android.googlequicksearchbox/com.google.android.apps.search.googleapp.search.suggest.plugins.onesearch.server.OneSearchSuggestService%20%7D%5D}} , mOneSearchConnection=l2.Z@3591149
12-09 13:39:37.362  7990  7990 D LifecycleMonitor: Lifecycle status change: com.example.cydrop_frontend.EditMedsActivity@2802e7 in: CREATED
12-09 13:39:37.365  7990  7990 V ActivityScenario: Update currentActivityStage to CREATED, currentActivity=com.example.cydrop_frontend.EditMedsActivity@2802e7
12-09 13:39:37.366  7990  7990 D LifecycleMonitor: Lifecycle status change: com.example.cydrop_frontend.EditMedsActivity@2802e7 in: STARTED
12-09 13:39:37.367  7990  7990 V ActivityScenario: Update currentActivityStage to STARTED, currentActivity=com.example.cydrop_frontend.EditMedsActivity@2802e7
12-09 13:39:37.371  7990  7990 D LifecycleMonitor: Lifecycle status change: com.example.cydrop_frontend.EditMedsActivity@2802e7 in: RESUMED
12-09 13:39:37.372  7990  7990 V ActivityScenario: Update currentActivityStage to RESUMED, currentActivity=com.example.cydrop_frontend.EditMedsActivity@2802e7
12-09 13:39:37.735  5798  5825 D EGL_emulation: app_time_stats: avg=92.99ms min=2.81ms max=519.57ms count=11
12-09 13:39:37.747  1071  1324 D EGL_emulation: app_time_stats: avg=108.72ms min=15.99ms max=506.33ms count=9
12-09 13:39:37.753  5798  5798 D VRI[NexusLauncherActivity]: visibilityChanged oldVisibility=true newVisibility=false
12-09 13:39:37.762  5798  5798 D NexusLauncherModelDelegate: notifySmartspaceEvent: SmartspaceTargetEvent{mSmartspaceTarget=null, mSmartspaceActionId='null', mEventType=7}
12-09 13:39:37.766   692   736 W ziparchive: Unable to open '/data/app/~~6fD4BsPL5BE_t_-0wdIg3Q==/com.example.cydrop_frontend-nMsSY7a7EfgTMUaLdmpF_g==/base.dm': No such file or directory
12-09 13:39:37.808   692   736 I ActivityTaskManager: Displayed com.example.cydrop_frontend/.EditMedsActivity for user 0: +740ms
12-09 13:39:37.837   692   889 I ImeTracker: com.example.cydrop_frontend:8c3b6a41: onRequestHide at ORIGIN_SERVER reason HIDE_UNSPECIFIED_WINDOW fromUser false
12-09 13:39:37.838   692   889 I ImeTracker: com.example.cydrop_frontend:8c3b6a41: onCancelled at PHASE_SERVER_SHOULD_HIDE
12-09 13:39:37.915  6924  6924 I fmpg    : (REDACTED) Created gRPC endpoint for service %s
12-09 13:39:37.940  1657  1657 I GoogleInputMethodService: GoogleInputMethodService.onFinishInput():3122
12-09 13:39:37.963  1657  1657 I GoogleInputMethodService: GoogleInputMethodService.updateDeviceLockedStatus():2193 repeatCheckTimes = 0, locked = false
12-09 13:39:37.964  1657  1657 I GoogleInputMethodService: GoogleInputMethodService.onStartInput():1937 onStartInput(EditorInfo{EditorInfo{packageName=com.example.cydrop_frontend, inputType=0, inputTypeString=NULL, enableLearning=false, autoCorrection=false, autoComplete=false, imeOptions=0, privateImeOptions=null, actionName=UNSPECIFIED, actionLabel=null, initialSelStart=-1, initialSelEnd=-1, initialCapsMode=0, label=null, fieldId=0, fieldName=null, extras=null, hintText=null, hintLocales=[]}}, false)
12-09 13:39:37.969  1657  1657 I GoogleInputMethodService: GoogleInputMethodService.updateDeviceLockedStatus():2193 repeatCheckTimes = 1, locked = false
12-09 13:39:37.979  1657  1657 I AndroidIME: InputBundleManager.loadActiveInputBundleId():450 loadActiveInputBundleId: und-Latn-x-password, password
12-09 13:39:38.035  5798  5798 D BaseDepthController: setSurface:
12-09 13:39:38.035  5798  5798 D BaseDepthController: 	mWaitingOnSurfaceValidity: false
12-09 13:39:38.035  5798  5798 D BaseDepthController: 	mSurface: null
12-09 13:39:38.043  5798  5798 D BaseDepthController: mSurface is null and mCurrentBlur is: 0
12-09 13:39:38.044  5798  5798 D StateManager: goToState - fromState: Normal, toState: Normal, partial trace:
12-09 13:39:38.044  5798  5798 D StateManager: 	at com.android.launcher3.statemanager.StateManager.moveToRestState(go/retraceme 485d0a63b32755c2e0617651e62706492899977786a56dedfba7c7b896a2ddb7:4)
12-09 13:39:38.044  5798  5798 D StateManager: 	at com.android.launcher3.statemanager.StateManager.moveToRestState(go/retraceme 485d0a63b32755c2e0617651e62706492899977786a56dedfba7c7b896a2ddb7:1)
12-09 13:39:38.044  5798  5798 D StateManager: 	at com.android.launcher3.statemanager.StatefulActivity.onStop(go/retraceme 485d0a63b32755c2e0617651e62706492899977786a56dedfba7c7b896a2ddb7:34)
12-09 13:39:38.044  5798  5798 D StatsLog: LAUNCHER_ONSTOP
12-09 13:39:38.054  8043  8043 W WindowOnBackDispatcher: sendCancelIfRunning: isInProgress=false callback=android.view.ViewRootImpl$$ExternalSyntheticLambda11@d494a14
12-09 13:39:38.054  5798  5798 D StatsLog: LAUNCHER_GOOGLE_SEARCH_RESTORE_LIST_SIZE_AFTER_ACTIVITY_RESTART
12-09 13:39:38.059  7990  7990 I ViewInteraction: Performing 'type text(50)' action on view view.getId() is <2131230975/com.example.cydrop_frontend:id/et_medication_stock>
12-09 13:39:38.061   692  1563 W InputManager-JNI: Input channel object 'e98f85b com.example.cydrop_frontend.test/androidx.test.core.app.InstrumentationActivityInvoker$EmptyActivity (client)' was disposed without first being removed with the input manager!
12-09 13:39:38.080  5798  5850 D OneSearchSuggestProvider: Shut down the binder channel
12-09 13:39:38.159  1071  1269 W WindowOnBackDispatcher: sendCancelIfRunning: isInProgress=false callback=android.view.ViewRootImpl$$ExternalSyntheticLambda11@a73bf21
12-09 13:39:38.175   692   722 W InputManager-JNI: Input channel object '359f288 Splash Screen com.example.cydrop_frontend (client)' was disposed without first being removed with the input manager!
12-09 13:39:38.178  7990  7990 I ImeTracker: com.example.cydrop_frontend:6ebf74bb: onRequestShow at ORIGIN_CLIENT reason SHOW_SOFT_INPUT fromUser true
12-09 13:39:38.187  7990  7990 D InputMethodManager: showSoftInput() view=androidx.appcompat.widget.AppCompatEditText{ec0ecc0 VFED..CL. .F.P..ID 42,535-1038,676 #7f0800ff app:id/et_medication_stock aid=1073741826} flags=0 reason=SHOW_SOFT_INPUT
12-09 13:39:38.208  1657  1657 I GoogleInputMethodService: GoogleInputMethodService.onFinishInput():3122
12-09 13:39:38.225  1657  1657 I GoogleInputMethodService: GoogleInputMethodService.updateDeviceLockedStatus():2193 repeatCheckTimes = 0, locked = false
12-09 13:39:38.233  1657  1657 I DeviceIntelligenceExtension: DeviceIntelligenceExtension.getInlineSuggestionsRequest():280 Inline suggestions disabled in stylus mode or vertical PK/Voice toolbar
12-09 13:39:38.233  1657  1657 I GoogleInputMethodService: GoogleInputMethodService.onStartInput():1937 onStartInput(EditorInfo{EditorInfo{packageName=com.example.cydrop_frontend, inputType=2, inputTypeString=Number, enableLearning=false, autoCorrection=false, autoComplete=false, imeOptions=4000006, privateImeOptions=null, actionName=DONE, actionLabel=null, initialSelStart=0, initialSelEnd=0, initialCapsMode=0, label=null, fieldId=2131230975, fieldName=null, extras=Bundle[mParcelledData.dataSize=404], hintText=non-empty, hintLocales=[]}}, false)
12-09 13:39:38.245  1657  1657 I GoogleInputMethodService: GoogleInputMethodService.updateDeviceLockedStatus():2193 repeatCheckTimes = 1, locked = false
12-09 13:39:38.257  7990  7990 I AssistStructure: Flattened final assist data: 2092 bytes, containing 1 windows, 9 views
12-09 13:39:38.291  1657  1657 I AndroidIME: InputBundleManager.loadActiveInputBundleId():450 loadActiveInputBundleId: und-Latn-x-number, number
12-09 13:39:38.293  1657  1657 I HardKeyTracker: HardKeyTracker.unregisterKeySequence():183 Unregister key sequence lav{labelResId=0, callback=fen@8e735cd, lastModifier=0, keyCodes=[57, 57], actions=[1, 0]}
12-09 13:39:38.295  1657  1657 I HardKeyTracker: HardKeyTracker.unregisterKeySequence():183 Unregister key sequence lav{labelResId=0, callback=fen@318bdd0, lastModifier=0, keyCodes=[58, 58], actions=[1, 0]}
12-09 13:39:38.315  6924  7000 E fbdg    : (REDACTED) Trace %s timed out after %d ms. Complete trace: %s
12-09 13:39:38.315  6924  7000 E fbdg    : fbes:
12-09 13:39:38.315  6924  7000 E fbdg    : 	at tk_trace.Write TimeTriggerStore(Started After:8)
12-09 13:39:38.315  6924  7000 E fbdg    : 	at tk_trace.Update TimeTriggerStore(Started After:8)
12-09 13:39:38.315  6924  7000 E fbdg    : 	at tk_trace.handleBroadcast(Started After:0)
12-09 13:39:38.315  6924  7000 E fbdg    : 	at tk_trace.Broadcast to com.google.android.libraries.assistant.contexttrigger.impl.ContextTriggerBroadcastReceiver_Receiver TIME TRIGGER ALLOW IDLE ACTION(Started After:0)
12-09 13:39:38.320  1657  1657 I StylusModule: StylusModule.onUpdateToolType():813 Update tool type = 2
12-09 13:39:38.326  1657  1657 I GoogleInputMethodService: GoogleInputMethodService.onStartInputView():2047 onStartInputView(EditorInfo{EditorInfo{packageName=com.example.cydrop_frontend, inputType=2, inputTypeString=Number, enableLearning=false, autoCorrection=false, autoComplete=false, imeOptions=4000006, privateImeOptions=null, actionName=DONE, actionLabel=null, initialSelStart=0, initialSelEnd=0, initialCapsMode=0, label=null, fieldId=2131230975, fieldName=null, extras=Bundle[{android.support.text.emoji.emojiCompat_metadataVersion=9, androidx.core.view.inputmethod.EditorInfoCompat.STYLUS_HANDWRITING_ENABLED=true, android.support.text.emoji.emojiCompat_replaceAll=false}], hintText=non-empty, hintLocales=[]}}, false)
12-09 13:39:38.331  1657  1657 I GoogleInputMethodService: GoogleInputMethodService.updateDeviceLockedStatus():2193 repeatCheckTimes = 1, locked = false
12-09 13:39:38.342  1657  1657 I KeyboardHeightUtil: KeyboardHeightUtil.getOemKeyboardHeightRatio():175 systemKeyboardHeightRatio:1.000000.
12-09 13:39:38.349  1657  1657 I KeyboardWrapper: KeyboardWrapper.activateKeyboard():587 activateKeyboard(): type=accessory, status=0, imeDef=kgq{stringId=number, language=und-Latn-x-number, languageTag=und-Latn-x-number, processedConditions={}, className=com.google.android.libraries.inputmethod.ime.DummyIme, label=2132018764, keyEventInterpreter=null, inlineComposing=true, autoCapital=false, announceAutoSelectedCandidate=false, statusIcon=0, primeKeyboardType=SOFT, indicatorIcon=0, indicatorLabel=null, displayAppCompletions=false, extraValues=kgi{}, processors=kij@6b29f67, unacceptableMetaKeys=4098, languageSpecificSettings=0, asciiCapable=false, alwaysShowSuggestions=false, useAsciiPasswordKeyboard=false, secondaryIme=null, keyboardGroupDef=khr@4316dbd, phenotypeFlagId=0, localizationLanguageTag=null, supportsInlineSuggestion=false}
12-09 13:39:38.353  1657  1657 I KeyboardManager: KeyboardManager.requestKeyboard():234 Creating keyboard prime, imeId=number, cacheKey=theme_border_keyboard_mode_screen_size_5_5_keyboard_mode_screen_width_middle_stylesheet_noshadow_reordertheme_gsans_pillkey_silkpopup_gm3token_sagm3token_newm3_light_phone_bottom4dp
12-09 13:39:38.371  1657  1657 I GoogleInputMethodService: GoogleInputMethodService.startInputIfInputViewStarted():3640 startInputIfInputViewStarted(): ACCESSORY
12-09 13:39:38.376  1657  1657 I KeyboardModeManager: KeyboardModeManager.setInputViewKeyboardViewHolderProvider():623 setInputView() : supportsOneHandedMode=true supportsSplitMode=true
12-09 13:39:38.376  1657  1657 I ResizableKeyboardModeController: ResizableKeyboardModeController.getKeyboardBottomOffset():229 currentPrimeKeyboardType:SOFT systemPaddingBottom:0
12-09 13:39:38.378  1657  1657 I KeyboardHeightUtil: KeyboardHeightUtil.calculateMaxKeyboardBodyHeight():45 leave 281 height for app when ime window height:2274, header height:116 and isFullscreenMode:false, so the max keyboard body height is:1877
12-09 13:39:38.379  1657  1657 I ResizableKeyboardModeController: ResizableKeyboardModeController.getKeyboardBottomOffset():229 currentPrimeKeyboardType:SOFT systemPaddingBottom:0
12-09 13:39:38.380  1657  1657 I KeyboardModeManager: KeyboardModeManager.setInputViewKeyboardViewHolderProvider():611 setInputView() : supportsOneHandedMode=true, supportSplitMode=true
12-09 13:39:38.404  1657  1657 I CrowdsourceExtension: CrowdsourceExtension.checkIfDefaultBrowserIsAllowed():109 Failed to get default browser. The default browser may be deactivated.
12-09 13:39:38.407  1657  1657 I NewLanguagePromptExtension: NewLanguagePromptExtension.onActivate():184 Not activated NewLanguagePromptExtension: not a normal text input box.
12-09 13:39:38.408  1657  1657 I HardKeyTracker: HardKeyTracker.unregisterKeySequence():183 Unregister key sequence lav{labelResId=2132019895, callback=bzm@82388fb, lastModifier=2, keyCodes=[56], actions=[0]}
12-09 13:39:38.410  1657  1657 I HardKeyTracker: HardKeyTracker.unregisterKeySequence():183 Unregister key sequence lav{labelResId=2132019895, callback=bzm@34b5556, lastModifier=0, keyCodes=[317], actions=[0]}
12-09 13:39:38.417  1657  1657 I HardKeyTracker: HardKeyTracker.registerKeySequence():139 Register key sequence lav{labelResId=2132019895, callback=bzm@5f1e7a4, lastModifier=2, keyCodes=[56], actions=[0]}
12-09 13:39:38.418  1657  1657 I HardKeyTracker: HardKeyTracker.registerKeySequence():139 Register key sequence lav{labelResId=2132019895, callback=bzm@b98e909, lastModifier=0, keyCodes=[317], actions=[0]}
12-09 13:39:38.419  1657  1657 I VoiceInputManagerWrapper: VoiceInputManagerWrapper.cancelShutdown():100 cancelShutdown()
12-09 13:39:38.419  1657  1657 I VoiceInputManagerWrapper: VoiceInputManagerWrapper.syncLanguagePacks():112 syncLanguagePacks()
12-09 13:39:38.425  1657  1657 I AccessoryInputModeManager: AccessoryInputModeManager.onModeStarted():300 Accessory input mode started: STYLUS
12-09 13:39:38.428  1657  1657 W ExtensionWrapper: ExtensionWrapper.setAllowUpdateNavigationBarStyle():803 class hwy is not activate
12-09 13:39:38.429  1657  1657 I WidgetViewShowingController: WidgetViewShowingController.showWidgetKeyboardInternal():466 Show companion widget
12-09 13:39:38.456  1657  3089 I SpeechFactory: SpeechRecognitionFactory.maybeScheduleAutoPackDownloadForFallback():161 maybeScheduleAutoPackDownloadForFallback()
12-09 13:39:38.497  1657  1657 W ExtensionWrapper: ExtensionWrapper.setAllowUpdateNavigationBarStyle():803 class hwy is not activate
12-09 13:39:38.503  1657  1657 I KeyboardWrapper: KeyboardWrapper.consumeEvent():399 Skip consuming an event as current keyboard is deactivated (state=1, keyboard existence=false)
12-09 13:39:38.503  1657  1657 I KeyboardManager: KeyboardManager.requestKeyboard():234 Creating keyboard accessory_candidates_consumer, imeId=number, cacheKey=theme_border_keyboard_mode_screen_size_5_5_keyboard_mode_screen_width_middle_stylesheet_noshadow_reordertheme_gsans_pillkey_silkpopup_gm3token_sagm3token_newm3_light_phone_bottom4dp
12-09 13:39:38.511  1657  1657 W NotificationCenter: NotificationCenter$NotificationQueue.notifyOnExecutor():883 Heavy notify work detected on UI thread: [hyj->hwu] takes 86ms
12-09 13:39:38.513  7990  7990 D UiControllerImpl: Injecting string: "50"
12-09 13:39:38.515  1657  1657 I CurrentMicStatusHolder: CurrentMicStatusHolder.onStartInputView():81 Current Mic status = {MicIconHidden-PasswordOrNumberOrDateInputType,}
12-09 13:39:38.520  1657  1657 I GoogleInputMethodService: GoogleInputMethodService$1.onKeyboardViewShown():468 onKeyboardViewShown: keyboardType=accessory, keyboardViewType=HEADER keyboardView=null
12-09 13:39:38.520  1657  1657 I GoogleInputMethodService: GoogleInputMethodService$1.onKeyboardViewShown():468 onKeyboardViewShown: keyboardType=accessory, keyboardViewType=BODY keyboardView=null
12-09 13:39:38.567  1657  1657 I WindowMetricsNotification: WindowMetricsNotification.notifyWithWindow():162
12-09 13:39:38.575  1657  1657 I WindowMetricsNotification: WindowMetricsNotification.notify():155 WindowMetricsNotification{bounds=Rect(0, 63 - 1080, 2400), insets=Rect(0, 0 - 0, 63), densityDpi=420, smallestScreenWidthDp=411, displayWidth=1080, displayHeight=2400, xdpi=420.0, ydpi=420.0, isTrustable=true}; DisplayMetrics{density=2.625, width=1080, height=2400, scaledDensity=2.625, xdpi=420.0, ydpi=420.0}
12-09 13:39:38.580  1657  1657 W View    : requestLayout() improperly called by android.widget.FrameLayout{6cdffa8 V........ ......I. 0,0-35,180 #7f0b017d app:id/0_resource_name_obfuscated} during layout: running second layout pass
12-09 13:39:38.590  1657  3089 I FallbackOnDeviceRecognitionProvider: FallbackOnDeviceRecognitionProvider.maybeScheduleAutoPackDownload():198 maybeScheduleAutoPackDownload() for language tag en-US
12-09 13:39:38.642  5798  5798 I TopTaskTracker: onTaskRemoved: taskId=270
12-09 13:39:38.655  5798  5798 I TopTaskTracker: onTaskRemoved: taskId=270
12-09 13:39:38.666  1397  1397 V InlineSuggestionRenderService: handleDestroySuggestionViews called for 0:1580480526
12-09 13:39:38.697  1657  1657 I KeyboardWrapper: KeyboardWrapper.consumeEvent():399 Skip consuming an event as current keyboard is deactivated (state=1, keyboard existence=false)
12-09 13:39:38.698  1657  1657 I StylusModule: StylusModule.onUpdateToolType():813 Update tool type = 0
12-09 13:39:38.707  1657  1657 I WindowMetricsNotification: WindowMetricsNotification.notifyWithWindow():162
12-09 13:39:38.709  1657  1657 I WindowMetricsNotification: WindowMetricsNotification.notify():155 WindowMetricsNotification{bounds=Rect(0, 63 - 1080, 2400), insets=Rect(0, 0 - 0, 63), densityDpi=420, smallestScreenWidthDp=411, displayWidth=1080, displayHeight=2400, xdpi=420.0, ydpi=420.0, isTrustable=true}; DisplayMetrics{density=2.625, width=1080, height=2400, scaledDensity=2.625, xdpi=420.0, ydpi=420.0}
12-09 13:39:38.779  7990  8005 D EGL_emulation: app_time_stats: avg=75.37ms min=10.67ms max=381.40ms count=12
12-09 13:39:38.786  1657  1657 I KeyboardManager: KeyboardManager.requestKeyboard():234 Creating keyboard accessory, imeId=number, cacheKey=theme_border_keyboard_mode_screen_size_5_5_keyboard_mode_screen_width_middle_stylesheet_noshadow_reordertheme_gsans_pillkey_silkpopup_gm3token_sagm3token_newm3_light_phone_bottom4dp
12-09 13:39:38.792  1657  1657 I KeyboardWrapper: KeyboardWrapper.onKeyboardReady():250 onKeyboardReady(): type=null(accessory), kb=com.google.android.libraries.inputmethod.keyboard.impl.Keyboard@9f551a5
12-09 13:39:38.793  1657  1657 I VoiceInputManager: VoiceInputManager.onKeyboardActivated():1065 onKeyboardActivated() [UD]
12-09 13:39:38.794  1657  1657 I KeyboardWrapper: KeyboardWrapper.doActivateKeyboard():618 doActivateKeyboard(): accessory
12-09 13:39:38.798  1657  1657 W KeyboardDef: KeyboardDef.getKeyboardViewDef():757 KeyboardViewDef is not found: keyboardDef=khl{processedConditions={}, globalConditions={}, className=com.google.android.libraries.inputmethod.keyboard.impl.Keyboard, resourceIds=[#0x7f170045], initialStates=0, keyboardViewDefs=[], persistentStates=0, persistentStatesPrefKey=null, popupBubbleLayoutId=0, recentKeyLayoutId=0, recentKeyPopupLayoutId=0, recentKeyType=null, rememberRecentKey=NONE, sessionStates=0}, type=HEADER, id=2131427674
12-09 13:39:38.800  1657  1657 W Keyboard: Keyboard.getKeyboardViewHelper():584 null helper is returned: keyboardDef=khl{processedConditions={}, globalConditions={}, className=com.google.android.libraries.inputmethod.keyboard.impl.Keyboard, resourceIds=[#0x7f170045], initialStates=0, keyboardViewDefs=[], persistentStates=0, persistentStatesPrefKey=null, popupBubbleLayoutId=0, recentKeyLayoutId=0, recentKeyPopupLayoutId=0, recentKeyType=null, rememberRecentKey=NONE, sessionStates=0}, type=HEADER, helpersCreated=[null, null, null, null], context.getResources().getConfiguration(): {1.0 310mcc260mnc [en_US] ldltr sw411dp w411dp h914dp 420dpi nrml long port finger qwerty/v/v dpad/v winConfig={ mBounds=Rect(0, 0 - 1080, 2400) mAppBounds=Rect(0, 0 - 1080, 2400) mMaxBounds=Rect(0, 0 - 1080, 2400) mDisplayRotation=ROTATION_0 mWindowingMode=fullscreen mActivityType=undefined mAlwaysOnTop=undefined mRotation=ROTATION_0} s.11 fontWeightAdjustment=0}
12-09 13:39:38.803  1657  1657 W KeyboardDef: KeyboardDef.getKeyboardViewDef():757 KeyboardViewDef is not found: keyboardDef=khl{processedConditions={}, globalConditions={}, className=com.google.android.libraries.inputmethod.keyboard.impl.Keyboard, resourceIds=[#0x7f170045], initialStates=0, keyboardViewDefs=[], persistentStates=0, persistentStatesPrefKey=null, popupBubbleLayoutId=0, recentKeyLayoutId=0, recentKeyPopupLayoutId=0, recentKeyType=null, rememberRecentKey=NONE, sessionStates=0}, type=BODY, id=2131427674
12-09 13:39:38.807  1657  1657 W Keyboard: Keyboard.getKeyboardViewHelper():584 null helper is returned: keyboardDef=khl{processedConditions={}, globalConditions={}, className=com.google.android.libraries.inputmethod.keyboard.impl.Keyboard, resourceIds=[#0x7f170045], initialStates=0, keyboardViewDefs=[], persistentStates=0, persistentStatesPrefKey=null, popupBubbleLayoutId=0, recentKeyLayoutId=0, recentKeyPopupLayoutId=0, recentKeyType=null, rememberRecentKey=NONE, sessionStates=0}, type=BODY, helpersCreated=[null, null, null, null], context.getResources().getConfiguration(): {1.0 310mcc260mnc [en_US] ldltr sw411dp w411dp h914dp 420dpi nrml long port finger qwerty/v/v dpad/v winConfig={ mBounds=Rect(0, 0 - 1080, 2400) mAppBounds=Rect(0, 0 - 1080, 2400) mMaxBounds=Rect(0, 0 - 1080, 2400) mDisplayRotation=ROTATION_0 mWindowingMode=fullscreen mActivityType=undefined mAlwaysOnTop=undefined mRotation=ROTATION_0} s.11 fontWeightAdjustment=0}
12-09 13:39:38.812  1657  1657 W Keyboard: Keyboard.getKeyboardViewHelper():584 null helper is returned: keyboardDef=khl{processedConditions={}, globalConditions={}, className=com.google.android.libraries.inputmethod.keyboard.impl.Keyboard, resourceIds=[#0x7f170045], initialStates=0, keyboardViewDefs=[], persistentStates=0, persistentStatesPrefKey=null, popupBubbleLayoutId=0, recentKeyLayoutId=0, recentKeyPopupLayoutId=0, recentKeyType=null, rememberRecentKey=NONE, sessionStates=0}, type=HEADER, helpersCreated=[null, null, null, null], context.getResources().getConfiguration(): {1.0 310mcc260mnc [en_US] ldltr sw411dp w411dp h914dp 420dpi nrml long port finger qwerty/v/v dpad/v winConfig={ mBounds=Rect(0, 0 - 1080, 2400) mAppBounds=Rect(0, 0 - 1080, 2400) mMaxBounds=Rect(0, 0 - 1080, 2400) mDisplayRotation=ROTATION_0 mWindowingMode=fullscreen mActivityType=undefined mAlwaysOnTop=undefined mRotation=ROTATION_0} s.11 fontWeightAdjustment=0}
12-09 13:39:38.816  1657  1657 W Keyboard: Keyboard.getKeyboardViewHelper():584 null helper is returned: keyboardDef=khl{processedConditions={}, globalConditions={}, className=com.google.android.libraries.inputmethod.keyboard.impl.Keyboard, resourceIds=[#0x7f170045], initialStates=0, keyboardViewDefs=[], persistentStates=0, persistentStatesPrefKey=null, popupBubbleLayoutId=0, recentKeyLayoutId=0, recentKeyPopupLayoutId=0, recentKeyType=null, rememberRecentKey=NONE, sessionStates=0}, type=BODY, helpersCreated=[null, null, null, null], context.getResources().getConfiguration(): {1.0 310mcc260mnc [en_US] ldltr sw411dp w411dp h914dp 420dpi nrml long port finger qwerty/v/v dpad/v winConfig={ mBounds=Rect(0, 0 - 1080, 2400) mAppBounds=Rect(0, 0 - 1080, 2400) mMaxBounds=Rect(0, 0 - 1080, 2400) mDisplayRotation=ROTATION_0 mWindowingMode=fullscreen mActivityType=undefined mAlwaysOnTop=undefined mRotation=ROTATION_0} s.11 fontWeightAdjustment=0}
12-09 13:39:38.819  1657  1657 W KeyboardDef: KeyboardDef.getKeyboardViewDef():757 KeyboardViewDef is not found: keyboardDef=khl{processedConditions={}, globalConditions={}, className=com.google.android.libraries.inputmethod.keyboard.impl.Keyboard, resourceIds=[#0x7f170045], initialStates=0, keyboardViewDefs=[], persistentStates=0, persistentStatesPrefKey=null, popupBubbleLayoutId=0, recentKeyLayoutId=0, recentKeyPopupLayoutId=0, recentKeyType=null, rememberRecentKey=NONE, sessionStates=0}, type=FLOATING_CANDIDATES, id=2131427674
12-09 13:39:38.823  1657  1657 W Keyboard: Keyboard.getKeyboardViewHelper():584 null helper is returned: keyboardDef=khl{processedConditions={}, globalConditions={}, className=com.google.android.libraries.inputmethod.keyboard.impl.Keyboard, resourceIds=[#0x7f170045], initialStates=0, keyboardViewDefs=[], persistentStates=0, persistentStatesPrefKey=null, popupBubbleLayoutId=0, recentKeyLayoutId=0, recentKeyPopupLayoutId=0, recentKeyType=null, rememberRecentKey=NONE, sessionStates=0}, type=FLOATING_CANDIDATES, helpersCreated=[null, null, null, null], context.getResources().getConfiguration(): {1.0 310mcc260mnc [en_US] ldltr sw411dp w411dp h914dp 420dpi nrml long port finger qwerty/v/v dpad/v winConfig={ mBounds=Rect(0, 0 - 1080, 2400) mAppBounds=Rect(0, 0 - 1080, 2400) mMaxBounds=Rect(0, 0 - 1080, 2400) mDisplayRotation=ROTATION_0 mWindowingMode=fullscreen mActivityType=undefined mAlwaysOnTop=undefined mRotation=ROTATION_0} s.11 fontWeightAdjustment=0}
12-09 13:39:38.826  1657  1657 W KeyboardDef: KeyboardDef.getKeyboardViewDef():757 KeyboardViewDef is not found: keyboardDef=khl{processedConditions={}, globalConditions={}, className=com.google.android.libraries.inputmethod.keyboard.impl.Keyboard, resourceIds=[#0x7f170045], initialStates=0, keyboardViewDefs=[], persistentStates=0, persistentStatesPrefKey=null, popupBubbleLayoutId=0, recentKeyLayoutId=0, recentKeyPopupLayoutId=0, recentKeyType=null, rememberRecentKey=NONE, sessionStates=0}, type=WIDGET, id=2131427674
12-09 13:39:38.831  1657  1657 W Keyboard: Keyboard.getKeyboardViewHelper():584 null helper is returned: keyboardDef=khl{processedConditions={}, globalConditions={}, className=com.google.android.libraries.inputmethod.keyboard.impl.Keyboard, resourceIds=[#0x7f170045], initialStates=0, keyboardViewDefs=[], persistentStates=0, persistentStatesPrefKey=null, popupBubbleLayoutId=0, recentKeyLayoutId=0, recentKeyPopupLayoutId=0, recentKeyType=null, rememberRecentKey=NONE, sessionStates=0}, type=WIDGET, helpersCreated=[null, null, null, null], context.getResources().getConfiguration(): {1.0 310mcc260mnc [en_US] ldltr sw411dp w411dp h914dp 420dpi nrml long port finger qwerty/v/v dpad/v winConfig={ mBounds=Rect(0, 0 - 1080, 2400) mAppBounds=Rect(0, 0 - 1080, 2400) mMaxBounds=Rect(0, 0 - 1080, 2400) mDisplayRotation=ROTATION_0 mWindowingMode=fullscreen mActivityType=undefined mAlwaysOnTop=undefined mRotation=ROTATION_0} s.11 fontWeightAdjustment=0}
12-09 13:39:38.833  1657  1657 I KeyboardManager: KeyboardManager.requestKeyboard():234 Creating keyboard accessory_candidates_consumer, imeId=number, cacheKey=theme_border_keyboard_mode_screen_size_5_5_keyboard_mode_screen_width_middle_stylesheet_noshadow_reordertheme_gsans_pillkey_silkpopup_gm3token_sagm3token_newm3_light_phone_bottom4dp
12-09 13:39:38.841  1657  1657 W KeyboardDef: KeyboardDef.getKeyboardViewDef():757 KeyboardViewDef is not found: keyboardDef=khl{processedConditions={}, globalConditions={global_theme_key=theme_border_keyboard_mode_screen_size_5_5_keyboard_mode_screen_width_middle_stylesheet_noshadow_reordertheme_gsans_pillkey_silkpopup_gm3token_sagm3token_newm3_light_phone_bottom4dp, global_locale=en_US, global_density_dpi=420, global_orientation=1}, className=.latin.keyboard.AccessoryKeyboard, resourceIds=[#0x7f170044], initialStates=0, keyboardViewDefs=[khz{direction=null, id=#0x7f0b015a, isScalable=false, layoutId=#0x7f0e002c, type=FLOATING_CANDIDATES, touchable=true, defaultShow=false}], persistentStates=0, persistentStatesPrefKey=null, popupBubbleLayoutId=#0x7f0e06aa, recentKeyLayoutId=0, recentKeyPopupLayoutId=0, recentKeyType=null, rememberRecentKey=NONE, sessionStates=0}, type=HEADER, id=2131427674
12-09 13:39:38.845  1657  1657 W Keyboard: Keyboard.getKeyboardViewHelper():584 null helper is returned: keyboardDef=khl{processedConditions={}, globalConditions={global_theme_key=theme_border_keyboard_mode_screen_size_5_5_keyboard_mode_screen_width_middle_stylesheet_noshadow_reordertheme_gsans_pillkey_silkpopup_gm3token_sagm3token_newm3_light_phone_bottom4dp, global_locale=en_US, global_density_dpi=420, global_orientation=1}, className=.latin.keyboard.AccessoryKeyboard, resourceIds=[#0x7f170044], initialStates=0, keyboardViewDefs=[khz{direction=null, id=#0x7f0b015a, isScalable=false, layoutId=#0x7f0e002c, type=FLOATING_CANDIDATES, touchable=true, defaultShow=false}], persistentStates=0, persistentStatesPrefKey=null, popupBubbleLayoutId=#0x7f0e06aa, recentKeyLayoutId=0, recentKeyPopupLayoutId=0, recentKeyType=null, rememberRecentKey=NONE, sessionStates=0}, type=HEADER, helpersCreated=[null, null, null, null], context.getResources().getConfiguration(): {1.0 310mcc260mnc [en_US] ldltr sw411dp w411dp h914dp 420dpi nrml long port finger qwerty/v/v dpad/v winConfig={ mBounds=Rect(0, 0 - 1080, 2400) mAppBounds=Rect(0, 0 - 1080, 2400) mMaxBounds=Rect(0, 0 - 1080, 2400) mDisplayRotation=ROTATION_0 mWindowingMode=fullscreen mActivityType=undefined mAlwaysOnTop=undefined mRotation=ROTATION_0} s.11 fontWeightAdjustment=0}
12-09 13:39:38.850  1657  1657 W KeyboardDef: KeyboardDef.getKeyboardViewDef():757 KeyboardViewDef is not found: keyboardDef=khl{processedConditions={}, globalConditions={global_theme_key=theme_border_keyboard_mode_screen_size_5_5_keyboard_mode_screen_width_middle_stylesheet_noshadow_reordertheme_gsans_pillkey_silkpopup_gm3token_sagm3token_newm3_light_phone_bottom4dp, global_locale=en_US, global_density_dpi=420, global_orientation=1}, className=.latin.keyboard.AccessoryKeyboard, resourceIds=[#0x7f170044], initialStates=0, keyboardViewDefs=[khz{direction=null, id=#0x7f0b015a, isScalable=false, layoutId=#0x7f0e002c, type=FLOATING_CANDIDATES, touchable=true, defaultShow=false}], persistentStates=0, persistentStatesPrefKey=null, popupBubbleLayoutId=#0x7f0e06aa, recentKeyLayoutId=0, recentKeyPopupLayoutId=0, recentKeyType=null, rememberRecentKey=NONE, sessionStates=0}, type=BODY, id=2131427674
12-09 13:39:38.850  1657  1657 W Keyboard: Keyboard.getKeyboardViewHelper():584 null helper is returned: keyboardDef=khl{processedConditions={}, globalConditions={global_theme_key=theme_border_keyboard_mode_screen_size_5_5_keyboard_mode_screen_width_middle_stylesheet_noshadow_reordertheme_gsans_pillkey_silkpopup_gm3token_sagm3token_newm3_light_phone_bottom4dp, global_locale=en_US, global_density_dpi=420, global_orientation=1}, className=.latin.keyboard.AccessoryKeyboard, resourceIds=[#0x7f170044], initialStates=0, keyboardViewDefs=[khz{direction=null, id=#0x7f0b015a, isScalable=false, layoutId=#0x7f0e002c, type=FLOATING_CANDIDATES, touchable=true, defaultShow=false}], persistentStates=0, persistentStatesPrefKey=null, popupBubbleLayoutId=#0x7f0e06aa, recentKeyLayoutId=0, recentKeyPopupLayoutId=0, recentKeyType=null, rememberRecentKey=NONE, sessionStates=0}, type=BODY, helpersCreated=[null, null, null, null], context.getResources().getConfiguration(): {1.0 310mcc260mnc [en_US] ldltr sw411dp w411dp h914dp 420dpi nrml long port finger qwerty/v/v dpad/v winConfig={ mBounds=Rect(0, 0 - 1080, 2400) mAppBounds=Rect(0, 0 - 1080, 2400) mMaxBounds=Rect(0, 0 - 1080, 2400) mDisplayRotation=ROTATION_0 mWindowingMode=fullscreen mActivityType=undefined mAlwaysOnTop=undefined mRotation=ROTATION_0} s.11 fontWeightAdjustment=0}
12-09 13:39:38.905  6924  6980 E fbdg    : (REDACTED) Trace %s timed out after %d ms. Complete trace: %s
12-09 13:39:38.905  6924  6980 E fbdg    : fbes:
12-09 13:39:38.905  6924  6980 E fbdg    : 	at tk_trace.LocationUpdateRequester#isEnabled(Started After:402)
12-09 13:39:38.905  6924  6980 E fbdg    : 	at tk_trace.LocationUpdateRequester#requestOrRemoveLocationUpdates(Started After:402)
12-09 13:39:38.905  6924  6980 E fbdg    : 	at tk_trace.LocationUpdateRequestScheduler#scheduleLocationUpdateRequest(Started After:401)
12-09 13:39:38.905  6924  6980 E fbdg    : 	at tk_trace.LocationUpdateApplicationStartupListener#onApplicationStartup(Started After:2)
12-09 13:39:38.905  6924  6980 E fbdg    : 	at tk_trace.LocationUpdateApplicationStartupListener(Started After:2)
12-09 13:39:38.905  6924  6980 E fbdg    : 	at tk_trace.Startup Listeners(Started After:2)
12-09 13:39:38.905  6924  6980 E fbdg    : 	at tk_trace.Application.onCreate(Started After:1)
12-09 13:39:38.905  6924  6980 E fbdg    : 	at tk_trace.Application creation(Started After:0)
12-09 13:39:39.015  1657  1657 I GoogleInputMethodService: GoogleInputMethodService$1.onKeyboardViewShown():468 onKeyboardViewShown: keyboardType=accessory, keyboardViewType=HEADER keyboardView=null
12-09 13:39:39.015  1657  1657 I GoogleInputMethodService: GoogleInputMethodService$1.onKeyboardViewShown():468 onKeyboardViewShown: keyboardType=accessory, keyboardViewType=BODY keyboardView=null
12-09 13:39:39.017  1657  1657 I WindowMetricsNotification: WindowMetricsNotification.notifyWithWindow():162
12-09 13:39:39.017  7990  7990 D InsetsController: show(ime(), fromIme=true)
12-09 13:39:39.018  1657  1657 I WindowMetricsNotification: WindowMetricsNotification.notify():155 WindowMetricsNotification{bounds=Rect(0, 63 - 1080, 2400), insets=Rect(0, 0 - 0, 63), densityDpi=420, smallestScreenWidthDp=411, displayWidth=1080, displayHeight=2400, xdpi=420.0, ydpi=420.0, isTrustable=true}; DisplayMetrics{density=2.625, width=1080, height=2400, scaledDensity=2.625, xdpi=420.0, ydpi=420.0}
12-09 13:39:39.019  1657  1657 I WindowMetricsNotification: WindowMetricsNotification.notifyWithWindow():162
12-09 13:39:39.020  1657  1657 I WindowMetricsNotification: WindowMetricsNotification.notify():155 WindowMetricsNotification{bounds=Rect(0, 63 - 1080, 2400), insets=Rect(0, 0 - 0, 63), densityDpi=420, smallestScreenWidthDp=411, displayWidth=1080, displayHeight=2400, xdpi=420.0, ydpi=420.0, isTrustable=true}; DisplayMetrics{density=2.625, width=1080, height=2400, scaledDensity=2.625, xdpi=420.0, ydpi=420.0}
12-09 13:39:39.020  1657  1657 I WindowMetricsNotification: WindowMetricsNotification.notifyWithWindow():162
12-09 13:39:39.021  1657  1657 I WindowMetricsNotification: WindowMetricsNotification.notify():155 WindowMetricsNotification{bounds=Rect(0, 63 - 1080, 2400), insets=Rect(0, 0 - 0, 63), densityDpi=420, smallestScreenWidthDp=411, displayWidth=1080, displayHeight=2400, xdpi=420.0, ydpi=420.0, isTrustable=true}; DisplayMetrics{density=2.625, width=1080, height=2400, scaledDensity=2.625, xdpi=420.0, ydpi=420.0}
12-09 13:39:39.022  1657  1657 I WindowMetricsNotification: WindowMetricsNotification.notifyWithWindow():162
12-09 13:39:39.022  1657  1657 I WindowMetricsNotification: WindowMetricsNotification.notify():155 WindowMetricsNotification{bounds=Rect(0, 63 - 1080, 2400), insets=Rect(0, 0 - 0, 63), densityDpi=420, smallestScreenWidthDp=411, displayWidth=1080, displayHeight=2400, xdpi=420.0, ydpi=420.0, isTrustable=true}; DisplayMetrics{density=2.625, width=1080, height=2400, scaledDensity=2.625, xdpi=420.0, ydpi=420.0}
12-09 13:39:39.078  1657  1657 I StylusModule: StylusModule.onUpdateToolType():813 Update tool type = 0
12-09 13:39:39.136  5798  5802 I s.nexuslauncher: NativeAlloc concurrent mark compact GC freed 1561KB AllocSpace bytes, 10(588KB) LOS objects, 49% free, 6139KB/11MB, paused 1.065ms,51.356ms total 1.565s
12-09 13:39:39.169  7990  7990 I ViewInteraction: Performing 'close keyboard' action on view view.getId() is <2131230975/com.example.cydrop_frontend:id/et_medication_stock>
12-09 13:39:39.170  7990  7990 D IdlingRegistry: Registering idling resources: [androidx.test.espresso.action.CloseKeyboardAction$CloseKeyboardIdlingResult@61a4f97]
12-09 13:39:39.173  7990  7990 I ImeTracker: com.example.cydrop_frontend:6a6ab5f5: onRequestHide at ORIGIN_CLIENT reason HIDE_SOFT_INPUT fromUser false
12-09 13:39:39.187  5798  5804 W s.nexuslauncher: ApkAssets: Deleting an ApkAssets object '<empty> and /data/app/~~6fD4BsPL5BE_t_-0wdIg3Q==/com.example.cydrop_frontend-nMsSY7a7EfgTMUaLdmpF_g==/base.apk' with 1 weak references
12-09 13:39:39.198  1657  1657 I GoogleInputMethodService: GoogleInputMethodService.onFinishInputView():2383
12-09 13:39:39.203  1657  1657 I VoiceInputManagerWrapper: VoiceInputManagerWrapper.shutdown():122 shutdown()
12-09 13:39:39.203  1657  1657 W ExtensionWrapper: ExtensionWrapper.setAllowUpdateNavigationBarStyle():803 class hwy is not activate
12-09 13:39:39.205  1657  1657 W ExtensionWrapper: ExtensionWrapper.setAllowUpdateNavigationBarStyle():803 class hwy is not activate
12-09 13:39:39.207  1657  1657 W TooltipLifecycleManager: TooltipLifecycleManager.dismissTooltips():153 Tooltip with id spell_check_add_to_dictionary not found in tooltipManager.
12-09 13:39:39.214  7990  7990 D InsetsController: hide(ime(), fromIme=true)
12-09 13:39:39.221  7990  7990 I ImeTracker: com.example.cydrop_frontend:6ebf74bb: onCancelled at PHASE_CLIENT_ANIMATION_CANCEL
12-09 13:39:39.275  5798  5804 W System  : A resource failed to call release.
12-09 13:39:39.278  5798  5804 W System  : A resource failed to call release.
12-09 13:39:39.278  5798  5804 W System  : A resource failed to call release.
12-09 13:39:39.482  7990  7990 I ImeTracker: com.example.cydrop_frontend:b6b9e739: onRequestHide at ORIGIN_CLIENT reason HIDE_SOFT_INPUT_ON_ANIMATION_STATE_CHANGED fromUser false
12-09 13:39:39.488  7990  7990 I ImeTracker: com.example.cydrop_frontend:6a6ab5f5: onHidden
12-09 13:39:39.490   692   889 I ImeTracker: com.example.cydrop_frontend:b6b9e739: onCancelled at PHASE_SERVER_SHOULD_HIDE
12-09 13:39:39.530  7990  7990 D IdlingRegistry: Unregistering idling resources: [androidx.test.espresso.action.CloseKeyboardAction$CloseKeyboardIdlingResult@61a4f97]
12-09 13:39:39.536  7990  7990 I ViewInteraction: Checking 'MatchesViewAssertion{viewMatcher=an instance of android.widget.TextView and view.getText() with or without transformation to match: is "50"}' assertion on view view.getId() is <2131230975/com.example.cydrop_frontend:id/et_medication_stock>
12-09 13:39:39.562   692  1204 V GrammaticalInflectionUtils: AttributionSource: android.content.AttributionSource@98fe9e3d does not have READ_SYSTEM_GRAMMATICAL_GENDER permission.
12-09 13:39:39.608  7990  7990 D LifecycleMonitor: Lifecycle status change: com.example.cydrop_frontend.EditMedsActivity@2802e7 in: PAUSED
12-09 13:39:39.608  7990  7990 V ActivityScenario: Update currentActivityStage to PAUSED, currentActivity=com.example.cydrop_frontend.EditMedsActivity@2802e7
12-09 13:39:39.620  5798  5798 I TopTaskTracker: onTaskMovedToFront: (moved taskInfo to front) taskId=272, baseIntent=Intent { act=android.intent.action.MAIN cat=[android.intent.category.LAUNCHER] flg=0x10000000 cmp=com.example.cydrop_frontend.test/androidx.test.core.app.InstrumentationActivityInvoker$EmptyActivity }
12-09 13:39:39.626   404   404 I BpBinder: onLastStrongRef automatically unlinking death recipients:
12-09 13:39:39.785  7990  8005 D EGL_emulation: app_time_stats: avg=142.08ms min=4.21ms max=568.77ms count=7
12-09 13:39:39.840  8043  8059 I EGL_emulation: Opening libGLESv1_CM_emulation.so
12-09 13:39:39.844  8043  8059 I EGL_emulation: Opening libGLESv2_emulation.so
12-09 13:39:39.906  5798  5808 I IPCThreadState: oneway function results for code 2 on binder at 0x7af4b6f12c50 will be dropped but finished with status UNKNOWN_TRANSACTION
12-09 13:39:39.906  5798  5798 D SearchTargetUtil: queryLength=0 size=15
12-09 13:39:39.906  5798  5798 D SearchTargetUtil: layoutType=extra_tall_icon_row resultType=131072 packageName=com.google.android.googlequicksearchbox extras=Bundle{bitmap_url=data:image/jpeg;base64,/9j/4AAQSkZJRgABAQAAAQABAAD/2wCEAAkGBwgHBgkIBwgKCgkLDRYPDQwMDRsUFRAWIB0iIiAdHx8kKDQsJCYxJx8fLT0tMTU3Ojo6Iys/RD84QzQ5OjcBCgoKDQwNGg8PGjclHyU3Nzc3Nzc3Nzc3Nzc3Nzc3Nzc3Nzc3Nzc3Nzc3Nzc3Nzc3Nzc3Nzc3Nzc3Nzc3Nzc3N//AABEIAHwAfAMBIgACEQEDEQH/xAAcAAACAwEBAQEAAAAAAAAAAAAFBgMEBwIBCAD/xAA5EAACAQMCBAQCCAYCAwEAAAABAgMABBEFIQYSMUETIlFhFHEHFTJCgZGh8CNSYrHB0XLhF5LxFv/EABoBAAIDAQEAAAAAAAAAAAAAAAMEAAECBQb/xAAnEQADAAICAQQCAQUAAAAAAAAAAQIDERIhBBMiMUFRYQUUFSOh8P/aAAwDAQACEQMRAD8Ah0TWpZAqeMS7e+9E7w3IUyCVmHUhjms90O2vfjkEJzitg0i25rJRdorSEDJriPwsk5uDfyN+tPDZR0/iCG1tcysEwO9ANZ40t5JCI5WY+zUT4s0yzSBsJhiO21ZH8DM94/L2brTH9siXy5MyvJdLSRq+h62Zo8PJle5Y9M1dS8tJZgVkUhyV23ORSTp9jIlunmLGM85VcknIIxt8xVE6q2nRGWSZEl3MSOp+12Y+3/fzqYfGeNNb7YR39mppIltAQjBiduTO+fSq90wdh4jAf0g1n2i65fXQkTx3MduSOVuXlcZ7ADPN3G/SiKazKLloxHG6W5Bkd2+0p65PbsB603E8FoFdcnsNagJZY28FxtsBzgb1HwtZx311yTjJDYINL02rRi5YQXZliz0lXdRknYjr6b+tFtMuXeb47S5DJJyjCR7qSPu9sGmMN8H+gWRckad/+asGgwYU3HpSpNw3ZWOqmUBd/WuP/JC2kaw6hazwzdOVkOc0p8T8YXFxOkluhVM759KNlneNgIr3GtxXWnpaIDIgOMYpQ12ztLiWVwF65BpXsNYMtrmSTcD1ofLxA8UxBbmUmvP4fLusrTR0/RWkOOkE2qOvlYZ6VLLqvhvy7DFKCa+sp/gkqw96F32p3L3DHxDT+K7tmcuKZGr6PtPSYh5lyW3yad9Rsn8ArauUPQYrMNF4ifRLySFweQnY066bxXBc4LsDjtQ3OVVWS+2/gE5lpQgLr1te2ikzTF0PrvikydxDKAu8jHYDvT7xDdHWM29mNyd29KVZNCit53mupWZIjjy58zDqBjf/AL2p2M2Nypt9gPTqX7SvrWpx6VILaLzuF80pGxJA6e3WlO6msb3HhySC4LecEYB/M1Y1wtLcBDIwUYAj6lB6H1x0+dUI9P8AEl5ocuBjyKMsT6AVmUvk3TfwXoZbmwtl8OV4I2JfkDkcw6Dp/uq8V3NNAVlmzIWyM9j++9HbTgrXruNXaGOBceUTvuB8qvR/RxqbLmS7tVIGwAJqcpLUWL9vdNNBKBFiRt2OceXv+ArpNQlgvIZPi5WETB85OD09/wAPXPypiT6P9RibK30SjuApFc3fBWq2cfiWyxXCgczoj4PuN+tVzkv07X0XbO5teJTBHLOzXijmTn3yM7gH8c7+lGNT4Od7YtGQSR0xSDwu72XEdtywk+I4XkOxGTg/lvW8wMj26K5BIXc+ppXy/NfjpIkY+T2ZAeF9XhBSNhy1E3DF/FGXkOfwrYTBBnJoZrcMYtX5Bg4rnYv5Bep7kuw7mtdMy600oxszc2COtV7mE+Mc/pU6ajcvqUtv4fNv1FdXENyZTlK9DWOFpyLTlprsqaoqtKZQetQaZJOA3LMyj2qleXUqExnp70Z4WszJEzuAxJ2B7UtnxWpbTNRlWxh4WvPhp0jly7Mc59a44gnlj0lrcsR4Rx4gbBcZG/8Ak/s1c02ySG653YBuXp6UucbyypKtzHKGRH+yFxy52/vSOPEvXTf/ADDVXs6BOqXMSXKqEVjF/DB/mwBv+/lTH9Hzw21xLdFBzyHlBPakS3LXUzHscnb3rTeFNDMNtFNK2PEAOMbCn8taWgeFbrY1yszbxnIPtXUdtcsucbVHPrOk6eBFLKzSgfZQcxH4ChZ4ytWlKweOMHpJEV/vS/7Y2n9ILrZ3DsRgge7V19VXML+IWynfBoc3Eh8Bn5NvWqFpxzLDc8nwkkygdTIoH61XtZp8kAL2BLPjILukU5J2xsetOiajOIv4fmx1pd4qki1Y2er2UDW86ymKRT2JUkH9DVfSbq5jLieQAEmkv5GdxNbAT1TRbveLbuC9EBjx6GjTag9xpniSkZIzSnq9qLuZJImHMO9ez3ssFj4TsNh2rn3M3E8Fp/ZuZab2WOFLGK51SeWQAktTe2iQyMSEBpK4Ju83D47mtHguAE6969PG1KX6A6XHowXVx5gRVjSb6S2BCMRXMkTS2xcjpQlLgo2M9KdmZrqvg59NrtDYmqXssyR2+8znlUmvOLLO6s9PiivG5iwyXycOTk9PYgfpVDRLiQ3lsLdQ0xcBQT1JrSeNlSy4YjmuIbe7BcK6NzK3TflOcfhg/wCaxWOUujayNiJb8PQW9o8lgbhzG3LJ42MOR1KY7ex3rR9HST6nhSMr4nhAAnsfWgGkxW2pwWeo22ZLWGEr4ecMHIIJI7/9Va4evxJpznOGVsZz/aubTrvkdNTKa4/YN1bh/WOZm+J8NTkkW6ZPzJJFDLHhu68cPcy3TL3aRgCfwzT4moxWyYZuZzucmg15rsjTq0UTG2jbMvh7M/sDWdrWginb2XrfRvH0SS1ZD4hXION6UF4J8e6DtApGfvSEGmNON7NMpbwzRDr/ABNq5m4ie6Md3a27woF5ZFY/b9wO379Kvan4Zbnl8kup6TDo/CF2sbsZk5JOVmLAYODgn2Y1nE+vSplVU/On/WNSF1od+jfet2xWdLZLcyxRjYuwFOePhxZsbVrfZz/Kq8eTaZzDxDcxsebcVHd6xNdAqARmtQ036OrSbT/EkiBblz0rPeLNDGjX4ijGzHAFGXg4FXJSL/1GTWth36P4j9pu9afZwc0OT1JpL4O0iWCxR22JGabILl405fQ0DNUw/cNQ246MatpXnHgxgb96Dahava3OH+9V3T7kW5DA71NqCfWE8QQ+Zj1PYdSfkBk/hTIo0Mv0fcPNeQSaoJAJkYxWkZBw8vlO5zjdSygfzEegpyt9Wjubd4Z4lLFSrxTJkr6gil6z1G5svo9V7GJUsgvOC5AZ5/iuTp1JMQY7bDlNRnUm1+3a7tA/1zEuWVD5rxFG+3eVRv6so9Rg1v8AJNAqDUI+GdRu4Yg/wU5Dxxk5Ak5hncYwCufyFdaJqRguZEdhyucn0zQnU0n1JHuPiRM/Uo37yKDwX7pLyMcN03oGbEnsNiytaNDDvdynDgjG2DtQyCfUJdUktREI488kfiNyofme59tqEaTfOs/MshDjG2etOtq6TWyllDFt8+ppDSiuzozXOSO14Z1AqJD9XIr/AHyxb7vNQe9tbyO+S3spYZrcJztc22yg5Ixjo3QGjAlvFytrGgX2Qf6qaaSSGwlaRSrBSSzf7rdVOujfHr5/0Cru8ht/Bt5uWTxGVZUzgFdubeh+oaT9T8S2sMMjS2k/LNayH70Z7H3HQ/ge9CY2Op6zDFuQThj1rWLPTrXUrGKxmYNMhLwOTlllVC36qpGPQj0FP+J/ik5flv1LHDSGA0sf8azHiqJLriFOcAhTmtDs7yBNJHnAHLWV8SalD9bSkMNthvTFUASG86pa2WnhSVzjtUmmztc2wl5NmO1Z1YltR1OODxGMY3O9a9pOnpFYxoAMCls2JZtcgs05+D5tsmBPnrT/AKMtJ06QXM2p24mW4QJGWjDCIc2Cc9RzbqeX7p96zW0UcwHKSxOAB60/X12un2sd
